// Jest Snapshot v1, https://goo.gl/fbAQLP

exports[`JobSkills Page Test Match Snapshot 1`] = `[Function]`;
