// Jest Snapshot v1, https://goo.gl/fbAQLP

exports[`Button Component Matches Snapshot 1`] = `"asFragment"`;
