// Jest Snapshot v1, https://goo.gl/fbAQLP

exports[`SearchPage Page Test Match Snapshot 1`] = `[Function]`;
