// Jest Snapshot v1, https://goo.gl/fbAQLP

exports[`WorkLocation Page Test Match Snapshot 1`] = `[Function]`;
