// Jest Snapshot v1, https://goo.gl/fbAQLP

exports[`Filter Component Matches Snapshot 1`] = `"asFragment"`;
