// Jest Snapshot v1, https://goo.gl/fbAQLP

exports[`Jobcard Component Matches Snapshot 1`] = `"asFragment"`;
