// Jest Snapshot v1, https://goo.gl/fbAQLP

exports[`TopNavBar Component Matches Snapshot 1`] = `"asFragment"`;
