// Jest Snapshot v1, https://goo.gl/fbAQLP

exports[`component renders correctly Matches Snapshot 1`] = `"asFragment"`;
