// Jest Snapshot v1, https://goo.gl/fbAQLP

exports[`LandingJobs Page Test Match Snapshot 1`] = `[Function]`;
