// Jest Snapshot v1, https://goo.gl/fbAQLP

exports[`Radio Component Matches Snapshot 1`] = `"asFragment"`;
