// Jest Snapshot v1, https://goo.gl/fbAQLP

exports[`JobList Component Matches Snapshot 1`] = `"asFragment"`;
