// Jest Snapshot v1, https://goo.gl/fbAQLP

exports[`LandingPage Page Test Match Snapshot 1`] = `[Function]`;
