// Jest Snapshot v1, https://goo.gl/fbAQLP

exports[`JobLocation Page Test Match Snapshot 1`] = `[Function]`;
