// Jest Snapshot v1, https://goo.gl/fbAQLP

exports[`checkbox Component Matches Snapshot 1`] = `"asFragment"`;
